---
http_interactions:
- request:
    method: get
    uri: http://zazo-dataprovider.dev/api/v1/fetch/users/queries/push_user?user_mkey=xxxxxxxxxxxx
    body:
      encoding: US-ASCII
      string: ''
    headers:
      User-Agent:
      - Faraday v0.9.1
      Accept-Encoding:
      - gzip;q=1.0,deflate;q=0.6,identity;q=0.3
      Accept:
      - "*/*"
  response:
    status:
      code: 401
      message: Unauthorized
    headers:
      X-Frame-Options:
      - SAMEORIGIN
      X-Xss-Protection:
      - 1; mode=block
      X-Content-Type-Options:
      - nosniff
      Www-Authenticate:
      - Digest realm="Zazo DataProvider", qop="auth", algorithm=MD5, nonce="MTQ1OTQzMTE0MDo2Y2I0ZWNmM2ZmYmU5NWFmMTVkMmQ5NGM0NmQ3N2QxYQ==",
        opaque="822778b6350cbc116426dfdce7488072"
      Content-Type:
      - text/html; charset=utf-8
      Cache-Control:
      - no-cache
      X-Request-Id:
      - ff5399fd-3442-4282-bd99-25cb421980b5
      X-Runtime:
      - '0.195949'
      Set-Cookie:
      - __profilin=p%3Dt; path=/
      - __profilin=p%3Dt; path=/
      Date:
      - Thu, 31 Mar 2016 13:32:20 GMT
      Connection:
      - close
    body:
      encoding: UTF-8
      string: '{"status":"unauthorized"}'
    http_version: 
  recorded_at: Thu, 31 Mar 2016 13:32:20 GMT
- request:
    method: get
    uri: http://zazo-dataprovider.dev/api/v1/fetch/users/queries/push_user?user_mkey=xxxxxxxxxxxx
    body:
      encoding: US-ASCII
      string: ''
    headers:
      User-Agent:
      - Faraday v0.9.1
      Authorization:
      - Digest username="friendfinder", realm="Zazo DataProvider", algorithm=MD5,
        qop=auth, uri="/api/v1/fetch/users/queries/push_user?user_mkey=xxxxxxxxxxxx",
        nonce="MTQ1OTQzMTE0MDo2Y2I0ZWNmM2ZmYmU5NWFmMTVkMmQ5NGM0NmQ3N2QxYQ==", nc=00000000,
        cnonce="2deb0747f1ded00fb21414492e3a5b51", response="aa9a467dc5d464018f4e274da9aa93d3",
        opaque="822778b6350cbc116426dfdce7488072"
      Accept-Encoding:
      - gzip;q=1.0,deflate;q=0.6,identity;q=0.3
      Accept:
      - "*/*"
  response:
    status:
      code: 422
      message: Unprocessable Entity
    headers:
      X-Frame-Options:
      - SAMEORIGIN
      X-Xss-Protection:
      - 1; mode=block
      X-Content-Type-Options:
      - nosniff
      Content-Type:
      - application/json; charset=utf-8
      Cache-Control:
      - no-cache
      X-Request-Id:
      - 59423592-30fc-441c-acc6-74b0eef5bb27
      X-Runtime:
      - '0.384707'
      Set-Cookie:
      - __profilin=p%3Dt; path=/
      - __profilin=p%3Dt; path=/
      Date:
      - Thu, 31 Mar 2016 13:32:21 GMT
      Connection:
      - close
    body:
      encoding: UTF-8
      string: '{"errors":{"push_user":["user mkey is not correct"]}}'
    http_version: 
  recorded_at: Thu, 31 Mar 2016 13:32:21 GMT
- request:
    method: get
    uri: http://zazo-dataprovider.dev/api/v1/fetch/users/queries/attributes?attrs%5B%5D=first_name&attrs%5B%5D=friends&attrs%5B%5D=last_name&user=xxxxxxxxxxxx
    body:
      encoding: US-ASCII
      string: ''
    headers:
      User-Agent:
      - Faraday v0.9.1
      Accept-Encoding:
      - gzip;q=1.0,deflate;q=0.6,identity;q=0.3
      Accept:
      - "*/*"
  response:
    status:
      code: 401
      message: Unauthorized
    headers:
      X-Frame-Options:
      - SAMEORIGIN
      X-Xss-Protection:
      - 1; mode=block
      X-Content-Type-Options:
      - nosniff
      Www-Authenticate:
      - Digest realm="Zazo DataProvider", qop="auth", algorithm=MD5, nonce="MTQ1OTQzMTE0MTo5OWFjZGM1YzFkNzEwOTI2NjczNmQxZjg0MWZjMTRmNA==",
        opaque="822778b6350cbc116426dfdce7488072"
      Content-Type:
      - text/html; charset=utf-8
      Cache-Control:
      - no-cache
      X-Request-Id:
      - e75bec14-bfde-4e57-8fb8-5ffcf63de59e
      X-Runtime:
      - '0.194992'
      Set-Cookie:
      - __profilin=p%3Dt; path=/
      - __profilin=p%3Dt; path=/
      Date:
      - Thu, 31 Mar 2016 13:32:21 GMT
      Connection:
      - close
    body:
      encoding: UTF-8
      string: '{"status":"unauthorized"}'
    http_version: 
  recorded_at: Thu, 31 Mar 2016 13:32:21 GMT
- request:
    method: get
    uri: http://zazo-dataprovider.dev/api/v1/fetch/users/queries/attributes?attrs%5B%5D=first_name&attrs%5B%5D=friends&attrs%5B%5D=last_name&user=xxxxxxxxxxxx
    body:
      encoding: US-ASCII
      string: ''
    headers:
      User-Agent:
      - Faraday v0.9.1
      Authorization:
      - Digest username="friendfinder", realm="Zazo DataProvider", algorithm=MD5,
        qop=auth, uri="/api/v1/fetch/users/queries/attributes?attrs%5B%5D=first_name&attrs%5B%5D=last_name&attrs%5B%5D=friends&user=xxxxxxxxxxxx",
        nonce="MTQ1OTQzMTE0MTo5OWFjZGM1YzFkNzEwOTI2NjczNmQxZjg0MWZjMTRmNA==", nc=00000000,
        cnonce="aeab77b77beb7e2372bf39e09b9077b0", response="f0f5e9d269c66ca3d292ebd1fbfddf73",
        opaque="822778b6350cbc116426dfdce7488072"
      Accept-Encoding:
      - gzip;q=1.0,deflate;q=0.6,identity;q=0.3
      Accept:
      - "*/*"
  response:
    status:
      code: 422
      message: Unprocessable Entity
    headers:
      X-Frame-Options:
      - SAMEORIGIN
      X-Xss-Protection:
      - 1; mode=block
      X-Content-Type-Options:
      - nosniff
      Content-Type:
      - application/json; charset=utf-8
      Cache-Control:
      - no-cache
      X-Request-Id:
      - b36c5167-1d73-454f-a8bb-130caa1fcc50
      X-Runtime:
      - '0.384871'
      Set-Cookie:
      - __profilin=p%3Dt; path=/
      - __profilin=p%3Dt; path=/
      Date:
      - Thu, 31 Mar 2016 13:32:21 GMT
      Connection:
      - close
    body:
      encoding: UTF-8
      string: '{"errors":{"user":["can''t be blank"]}}'
    http_version: 
  recorded_at: Thu, 31 Mar 2016 13:32:21 GMT
recorded_with: VCR 3.0.1
